START
269(1)_
272(2)1
269(2)xf
272(3)2
269(3)xf
272(4)3
269(4)xf
269(5)K
38(6)
124(7)
92(8)
272(8)0
92(9)
269(9)k
92(10)
269(10)l
92(11)
269(11)a
92(12)
269(12)q
92(13)
269(13)kek
58(14)
END
