START
272(3)0
272(4)1
272(5)2
272(6)542792
272(8)1
272(9)9
272(10)98
272(11)98
271(15)0x1.999999999999ap-2 / 0.400000
271(16)0x1p-1 / 0.500000
271(17)0x1p+0 / 1.000000
271(18)0x1.8p+0 / 1.500000
271(19)0x1.b333333333333p+0 / 1.700000
271(20)0x1.c2p+9 / 900.000000
271(21)0x1.c208f5c28f5c3p+9 / 900.070000
271(22)0x1.c21219dbe1f98p+9 / 900.141414
271(23)0x1.29d9e7e9d67cp+86 / 90020000000000000025165824.000000
271(24)0x1.9p+7 / 200.000000
271(26)0x1p+3 / 8.000000
271(27)0x1p+3 / 8.000000
271(28)0x1p-3 / 0.125000
271(29)0x0p+0 / 0.000000
271(30)0x1.9cp+2 / 6.437500
271(31)0x1.9cp+11 / 3296.000000
271(32)0x1.9cp+11 / 3296.000000
271(33)0x1.9cp-7 / 0.012573
269(35)ERROS
272(37)0
269(37)x
46(37)
272(37)0
269(37)p
43(37)
272(37)3
271(38)0x0p+0 / 0.000000
43(38)
272(38)3
272(39)0
46(39)
271(40)0x1p+0 / 1.000000
45(40)
272(40)3
272(41)0
269(41)x
46(41)
272(41)0
269(41)P
43(41)
272(41)3
END
