START
273(1)TesteTesteTesteTesteTesteTesteTesteTesteTesteTesteTesteTesteTesteTesteTesteTesteTesteTesteTesteTesteTesteTesteTesteTesteTesteTesteTesteTesteTesteTesteTesteTesteTesteTesteTesteTesteTesteTesteTesteTesteTesteTesteTesteTesteTesteTesteTesteTesteTesteTesteTesteTesteTesteTesteTesteTesteTesteTesteTesteTesteTesteTesteTesteTesteTesteTesteTesteTesteTesteTesteTesteTesteTesteTesteTesteTesteTesteTesteTesteTesteTesteTesteTesteTesteTesteTesteTesteTesteTesteTesteTesteTesteTesteTesteTesteTesteTesteTesteTesteTesteTesteTesteTesteTesteTesteTesteTesteTesteTesteTesteTesteTesteTesteTesteTesteTesteTesteTesteTesteTesteTesteTesteTesteTesteTesteTesteTesteTesteTesteTesteTesteTesteTesteTesteTesteTesteTesteTesteTesteTesteTesteTesteTesteTesteTesteTesteTesteTesteTesteTesteTesteTesteTesteTesteTesteTesteTesteTesteTesteTesteTesteTesteTesteTesteTesteTesteTesteTesteTesteTesteTesteTesteTesteTesteTesteTesteTesteTesteTesteTesteTesteTesteTesteTesteTesteTesteTesteTesteTesteTesteTesteTesteTesteTesteTesteTesteTesteTesteTesteTesteTesteTesteTesteTesteTesteTesteTesteTesteTesteTesteTesteTesteTesteTesteTesteTesteTesteTesteTesteTesteTesteTesteTesteTesteTesteTesteTesteTesteTesteTesteTesteTesteTesteTesteTesteTesteTesteTesteTesteTesteTesteTesteTesteTesteTesteTesteTesteTesteTesteTesteTesteTesteTesteTesteTesteTesteTesteTesteTesteTesteTesteTesteTesteTesteTesteTesteTesteTesteTesteTesteTesteTesteTesteTesteTesteTesteTesteTesteTesteTesteTesteTesteTesteTesteTesteTesteTesteTesteTesteTesteTesteTesteTesteTesteTesteTesteTesteTesteTesteTesteTesteTesteTesteTesteTesteTesteTesteTesteTesteTesteTesteTesteTesteTesteTesteTesteTesteTesteTesteTesteTesteTesteTesteTesteTesteTesteTesteTesteTesteTesteTesteTesteTesteTesteTesteTesteTesteTesteTesteTesteTesteTesteTesteTesteTesteTesteTesteTesteTesteTesteTesteTesteTesteTesteTesteTesteTesteTesteTesteTesteTesteTesteTesteTesteTesteTesteTesteTesteTesteTesteTesteTesteTesteTesteTesteTesteTesteTesteTesteTesteTesteTesteTesteTesteTesteTesteTesteTesteTesteTesteTesteTesteTesteTesteTesteTesteTesteTesteTesteTesteTesteTesteTesteTesteTesteTesteTesteTesteTesteTesteTesteTesteTesteTesteTesteTesteTesteTesteTesteTesteTesteTesteTesteTesteTesteTesteTesteTesteTesteTesteTesteTesteTesteTesteTesteTesteTesteTesteTesteTesteTesteTesteTesteTesteTesteTesteTesteTesteTesteTesteTesteTesteTesteTesteTesteTesteTesteTesteTesteTesteTesteTesteTesteTesteTesteTesteTesteTesteTesteTesteTesteTesteTesteTesteTesteTesteTesteTesteTesteTesteTesteTesteTesteTesteTesteTesteTesteTesteTesteTesteTesteTesteTesteTesteTesteTesteTesteTesteTesteTesteTesteTesteTesteTesteTesteTesteTesteTesteTesteTesteTesteTesteTesteTesteTesteTesteTesteTesteTesteTesteTesteTesteTesteTesteTesteTesteTesteTesteTesteTesteTesteTesteTesteTesteTesteTesteTesteTesteTesteTesteTesteTesteTesteTesteTesteTesteTesteTesteTesteTesteTesteTesteTesteTesteTesteTesteTesteTesteTesteTesteTesteTesteTesteTesteTesteTesteTesteTesteTesteTesteTesteTesteTesteTesteTesteTesteTesteTesteTesteTesteTesteTesteTesteTesteTesteTesteTesteTesteTesteTesteTesteTesteTesteTesteTesteTesteTesteTesteTesteTesteTesteTesteTesteTesteTesteTesteTesteTesteTesteTesteTesteTesteTesteTesteTesteTesteTesteTesteTesteTesteTesteTesteTesteTesteTesteTesteTesteTesteTesteTesteTesteTesteTesteTesteTesteTesteTesteTesteTesteTesteTesteTesteTesteTesteTesteTesteTesteTesteTesteTesteTesteTesteTesteTesteTesteTesteTesteTesteTesteTesteTesteTesteTesteTesteTesteTesteTesteTesteTesteTesteTesteTesteTesteTesteTesteTesteTesteTesteTesteTesteTesteTesteTesteTesteTesteTesteTesteTesteTesteTesteTesteTesteTesteTesteTesteTesteTesteTesteTesteTesteTesteTesteTesteTesteTesteTesteTesteTesteTesteTesteTesteTesteTesteTesteTesteTesteTesteTesteTesteTesteTesteTesteTesteTesteTesteTesteTesteTesteTesteTesteTesteTesteTesteTesteTesteTesteTesteTesteTesteTesteTesteTesteTesteTesteTesteTesteTesteTesteTesteTesteTesteTesteTesteTesteTesteTesteTesteTesteTesteTesteTesteTesteTesteTesteTesteTesteTesteTesteTesteTesteTesteTesteTesteTesteTesteTesteTesteTesteTesteTesteTesteTesteTesteTesteTesteTesteTesteTesteTesteTesteTesteTesteTesteTesteTesteTesteTesteTesteTesteTesteTesteTesteTesteTesteTesteTesteTesteTesteTesteTesteTesteTesteTesteTesteTesteTesteTesteTesteTesteTesteTesteTesteTesteTesteTesteTesteTesteTesteTesteTesteTesteTesteTesteTesteTesteTesteTesteTesteTesteTesteTesteTesteTesteTesteTesteTesteTesteTesteTesteTesteTesteTesteTesteTesteTesteTesteTesteTesteTesteTesteTesteTesteTesteTesteTesteTesteTesteTesteTesteTesteTesteTesteTesteTesteTesteTesteTesteTesteTesteTesteTesteTesteTesteTesteTesteTesteTesteTesteTesteTesteTesteTesteTesteTesteTesteTesteTesteTesteTesteTesteTesteTesteTesteTesteTesteTesteTesteTesteTesteTesteTesteTesteTesteTesteTesteTesteTesteTesteTesteTesteTesteTesteTesteTesteTesteTesteTesteTesteTesteTesteTesteTesteTesteTesteTesteTesteTesteTesteTesteTesteTesteTesteTesteTesteTesteTesteTesteTesteTesteTesteTesteTesteTesteTesteTesteTesteTesteTesteTesteTesteTesteTesteTesteTesteTesteTesteTesteTesteTesteTesteTesteTesteTesteTesteTesteTesteTesteTesteTesteTesteTesteTesteTesteTesteTesteTesteTesteTesteTesteTesteTesteTesteTesteTesteTesteTesteTesteTesteTesteTesteTesteTesteTesteTesteTesteTesteTesteTesteTesteTesteTesteTesteTesteTesteTesteTesteTesteTesteTesteTesteTesteTesteTesteTesteTesteTesteTesteTesteTesteTesteTesteTesteTesteTesteTesteTesteTesteTesteTesteTesteTesteTesteTesteTesteTesteTesteTesteTesteTesteTesteTesteTesteTesteTesteTesteTesteTesteTesteTesteTesteTesteTesteTesteTesteTesteTesteTesteTesteTesteTesteTesteTesteTesteTesteTesteTesteTesteTesteTesteTesteTesteTesteTesteTesteTesteTesteTesteTesteTesteTesteTesteTesteTesteTesteTesteTesteTesteTesteTesteTesteTesteTesteTesteTesteTesteTesteTesteTesteTesteTesteTesteTesteTesteTesteTesteTesteTesteTesteTesteTesteTesteTesteTesteTesteTesteTesteTesteTesteTesteTesteTesteTesteTesteTesteTesteTesteTesteTesteTesteTesteTesteTesteTesteTesteTesteTesteTesteTesteTesteTesteTesteTesteTesteTesteTesteTesteTesteTesteTesteTesteTesteTesteTesteTesteTesteTesteTesteTesteTesteTesteTesteTesteTesteTesteTesteTesteTesteTesteTesteTesteTesteTesteTesteTesteTesteTesteTesteTesteTesteTesteTesteTesteTesteTesteTesteTesteTesteTesteTesteTesteTesteTesteTesteTesteTesteTesteTesteTesteTesteTesteTesteTesteTesteTesteTesteTesteTesteTesteTesteTesteTesteTesteTesteTesteTesteTesteTesteTesteTesteTesteTesteTesteTesteTesteTesteTesteTesteTesteTesteTesteTesteTesteTesteTesteTesteTesteTesteTesteTesteTesteTesteTesteTesteTesteTesteTesteTesteTesteTesteTesteTesteTesteTesteTesteTesteTesteTesteTesteTesteTesteTesteTesteTesteTesteTesteTesteTesteTesteTesteTesteTesteTesteTesteTesteTesteTesteTesteTesteTesteTesteTesteTesteTesteTesteTesteTesteTesteTesteTesteTesteTesteTesteTesteTesteTesteTesteTesteTesteTesteTesteTesteTesteTesteTesteTesteTesteTesteTesteTesteTesteTesteTesteTesteTesteTesteTesteTesteTesteTesteTesteTesteTesteTesteTesteTesteTesteTesteTesteTesteTesteTesteTesteTesteTesteTesteTesteTesteTesteTesteTesteTesteTesteTesteTesteTesteTesteTesteTesteTesteTesteTesteTesteTesteTesteTesteTesteTesteTesteTesteTesteTesteTesteTesteTesteTesteTesteTesteTesteTesteTesteTesteTesteTesteTesteTesteTesteTesteTesteTesteTesteTesteTesteTesteTesteTesteTesteTesteTesteTesteTesteTesteTesteTesteTesteTesteTesteTesteTesteTesteTesteTesteTesteTesteTesteTesteTesteTesteTesteTesteTesteTesteTesteTesteTesteTesteTesteTesteTesteTesteTesteTesteTesteTesteTesteTesteTesteTesteTesteTesteTesteTesteTesteTesteTesteTesteTesteTesteTesteTesteTesteTesteTesteTesteTesteTesteTesteTesteTesteTesteTesteTesteTesteTesteTesteTesteTesteTesteTesteTesteTesteTesteTesteTesteTesteTesteTesteTesteTesteTesteTesteTesteTesteTesteTesteTesteTesteTesteTesteTesteTesteTesteTesteTesteTesteTesteTesteTesteTesteTesteTesteTesteTesteTesteTesteTesteTesteTesteTesteTesteTesteTesteTesteTesteTesteTesteTesteTesteTesteTesteTesteTesteTesteTesteTesteTesteTesteTesteTesteTesteTesteTesteTesteTesteTesteTesteTesteTesteTesteTesteTesteTesteTesteTesteTesteTesteTesteTesteTesteTesteTesteTesteTesteTesteTesteTesteTesteTesteTesteTesteTesteTesteTesteTesteTesteTesteTesteTesteTesteTesteTesteTesteTesteTesteTesteTesteTesteTesteTesteTesteTesteTesteTesteTesteTesteTesteTesteTesteTesteTesteTesteTesteTesteTesteTesteTesteTesteTesteTesteTesteTesteTesteTesteTesteTesteTesteTesteTesteTesteTesteTesteTesteTesteTesteTesteTesteTesteTesteTesteTesteTesteTesteTesteTesteTesteTesteTesteTesteTesteTesteTesteTesteTesteTesteTesteTesteTesteTesteTesteTesteTesteTesteTesteTesteTesteTesteTesteTesteTesteTesteTesteTesteTesteTesteTesteTesteTesteTesteTesteTesteTesteTesteTesteTesteTesteTesteTesteTesteTesteTesteTesteTesteTesteTesteTesteTesteTesteTesteTesteTesteTesteTesteTesteTesteTesteTesteTesteTesteTesteTesteTesteTesteTesteTesteTesteTesteTesteTesteTesteTesteTesteTesteTesteTesteTesteTesteTesteTesteTesteTesteTesteTesteTesteTesteTesteTesteTesteTesteTesteTesteTesteTesteTesteTesteTesteTesteTesteTesteTesteTesteTesteTesteTesteTesteTesteTesteTesteTesteTesteTesteTesteTesteTesteTesteTesteTesteTesteTesteTesteTesteTesteTesteTesteTesteTesteTesteTesteTesteTesteTesteTesteTesteTesteTesteTesteTesteTesteTesteTesteTesteTesteTesteTesteTesteTesteTesteTesteTesteTesteTesteTesteTesteTesteTesteTesteTesteTesteTesteTesteTesteTesteTesteTesteTesteTesteTesteTesteTesteTesteTesteTesteTesteTesteTesteTesteTesteTesteTesteTesteTesteTesteTesteTesteTesteTesteTesteTesteTesteTesteTesteTesteTesteTesteTesteTesteTesteTesteTesteTesteTesteTesteTesteTesteTesteTesteTesteTesteTesteTesteTesteTesteTesteTesteTesteTesteTesteTesteTesteTesteTesteTesteTesteTesteTesteTesteTesteTesteTesteTesteTesteTesteTesteTesteTesteTesteTesteTesteTesteTesteTesteTesteTesteTesteTesteTesteTesteTesteTesteTesteTesteTesteTesteTesteTesteTesteTesteTesteTesteTesteTesteTesteTesteTesteTesteTesteTesteTesteTesteTesteTesteTesteTesteTesteTesteTesteTesteTesteTesteTesteTesteTesteTesteTesteTesteTesteTesteTesteTesteTesteTesteTesteTesteTesteTesteTesteTesteTesteTesteTesteTesteTesteTesteTesteTesteTesteTesteTesteTesteTesteTesteTesteTesteTesteTesteTesteTesteTesteTesteTesteTesteTesteTesteTesteTesteTesteTesteTesteTesteTesteTesteTesteTesteTesteTesteTesteTesteTesteTesteTesteTesteTesteTesteTesteTesteTesteTesteTesteTesteTesteTesteTesteTesteTesteTesteTesteTesteTesteTesteTesteTesteTesteTesteTesteTesteTesteTesteTesteTesteTesteTesteTeste
END
