START
260(1)
40(1)
269(1)a
257(1)
269(1)b
259(1)
269(1)b
256(1)
269(1)a
41(1)
END
