START
288(1)TesteTesteTesteTesteTesteTesteTesteTesteTesteTesteTesteTesteTesteTesteTesteTesteTesteTesteTesteTesteTesteTesteTesteTesteTesteTesteTesteTesteTesteTesteTesteTesteTesteTesteTesteTesteTesteTesteTesteTesteTesteTesteTesteTesteTesteTesteTesteTesteTesteTesteTesteTesteTesteTesteTesteTesteTesteTesteTesteTesteTesteTesteTesteTesteTesteTesteTesteTesteTesteTesteTesteTesteTesteTesteTesteTesteTesteTesteTesteTesteTesteTesteTesteTesteTesteTesteTesteTesteTesteTesteTesteTesteTesteTesteTesteTesteTesteTesteTesteTesteTesteTesteTesteTesteTesteTesteTesteTesteTesteTesteTesteTesteTesteTesteTesteTesteTesteTesteTesteTesteTesteTesteTesteTesteTesteTesteTesteTesteTesteTesteTesteTesteTesteTesteTesteTesteTesteTesteTesteTesteTesteTesteTesteTesteTesteTesteTesteTesteTesteTesteTesteTesteTesteTesteTesteTesteTesteTesteTesteTesteTesteTesteTesteTesteTesteTesteTesteTesteTesteTesteTesteTesteTesteTesteTesteTesteTesteTesteTesteTesteTesteTesteTesteTesteTesteTesteTesteTesteTesteTesteTesteTesteTesteTesteTesteTesteTesteTesteTesteTesteTesteTesteTesteTesteTesteTesteTesteTesteTesteTesteTesteTesteTesteTesteTesteTesteTesteTesteTesteTesteTesteTesteTesteTesteTesteTesteTesteTesteTesteTesteTesteTesteTesteTesteTesteTesteTesteTesteTesteTesteTesteTesteTesteTesteTesteTesteTesteTesteTesteTesteTesteTesteTesteTesteTesteTesteTesteTesteTesteTesteTesteTesteTesteTesteTesteTesteTesteTesteTesteTesteTesteTesteTesteTesteTesteTesteTesteTesteTesteTesteTesteTesteTesteTesteTesteTesteTesteTesteTesteTesteTesteTesteTesteTesteTesteTesteTesteTesteTesteTesteTesteTesteTesteTesteTesteTesteTesteTesteTesteTesteTesteTesteTesteTesteTesteTesteTesteTesteTesteTesteTesteTesteTesteTesteTesteTesteTesteTesteTesteTesteTesteTesteTesteTesteTesteTesteTesteTesteTesteTesteTesteTesteTesteTesteTesteTesteTesteTesteTesteTesteTesteTesteTesteTesteTesteTesteTesteTesteTesteTesteTesteTesteTesteTesteTesteTesteTesteTesteTesteTesteTesteTesteTesteTesteTesteTesteTesteTesteTesteTesteTesteTesteTesteTesteTesteTesteTesteTesteTesteTesteTesteTesteTesteTesteTesteTesteTesteTesteTesteTesteTesteTesteTesteTesteTesteTesteTesteTesteTesteTesteTesteTesteTesteTesteTesteTesteTesteTesteTesteTesteTesteTesteTesteTesteTesteTesteTesteTesteTesteTesteTesteTesteTesteTesteTesteTesteTesteTesteTesteTesteTesteTesteTesteTesteTesteTesteTesteTesteTesteTesteTesteTesteTesteTesteTesteTesteTesteTesteTesteTesteTesteTesteTesteTesteTesteTesteTesteTesteTesteTesteTesteTesteTesteTesteTesteTesteTesteTesteTesteTesteTesteTesteTesteTesteTesteTesteTesteTesteTesteTesteTesteTesteTesteTesteTesteTesteTesteTesteTesteTesteTesteTesteTesteTesteTesteTesteTesteTesteTesteTesteTesteTesteTesteTesteTesteTesteTesteTesteTesteTesteTesteTesteTesteTesteTesteTesteTesteTesteTesteTesteTesteTesteTesteTesteTesteTesteTesteTesteTesteTesteTesteTesteTesteTesteTesteTesteTesteTesteTesteTesteTesteTesteTesteTesteTesteTesteTesteTesteTesteTesteTesteTesteTesteTesteTesteTesteTesteTesteTesteTesteTesteTesteTesteTesteTesteTesteTesteTesteTesteTesteTesteTesteTesteTesteTesteTesteTesteTesteTesteTesteTesteTesteTesteTesteTesteTesteTesteTesteTesteTesteTesteTesteTesteTesteTesteTesteTesteTesteTesteTesteTesteTesteTesteTesteTesteTesteTesteTesteTesteTesteTesteTesteTesteTesteTesteTesteTesteTesteTesteTesteTesteTesteTesteTesteTesteTesteTesteTesteTesteTesteTesteTesteTesteTesteTesteTesteTesteTesteTesteTesteTesteTesteTesteTesteTesteTesteTesteTesteTesteTesteTesteTesteTesteTesteTesteTesteTesteTesteTesteTesteTesteTesteTesteTesteTesteTesteTesteTesteTesteTesteTesteTesteTesteTesteTesteTesteTesteTesteTesteTesteTesteTesteTesteTesteTesteTesteTesteTesteTesteTesteTesteTesteTesteTesteTesteTesteTesteTesteTesteTesteTesteTesteTesteTesteTesteTesteTesteTesteTesteTesteTesteTesteTesteTesteTesteTesteTesteTesteTesteTesteTesteTesteTesteTesteTesteTesteTesteTesteTesteTesteTesteTesteTesteTesteTesteTesteTesteTesteTesteTesteTesteTesteTesteTesteTesteTesteTesteTesteTesteTesteTesteTesteTesteTesteTesteTesteTesteTesteTesteTesteTesteTesteTesteTesteTesteTesteTesteTesteTesteTesteTesteTesteTesteTesteTesteTesteTesteTesteTesteTesteTesteTesteTesteTesteTesteTesteTesteTesteTesteTesteTesteTesteTesteTesteTesteTesteTesteTesteTesteTesteTesteTesteTesteTesteTesteTesteTesteTesteTesteTesteTesteTesteTesteTesteTesteTesteTesteTesteTesteTesteTesteTesteTesteTesteTesteTesteTesteTesteTesteTesteTesteTesteTesteTesteTesteTesteTesteTesteTesteTesteTesteTesteTesteTesteTesteTesteTesteTesteTesteTesteTesteTesteTesteTesteTesteTesteTesteTesteTesteTesteTesteTesteTesteTesteTesteTesteTesteTesteTesteTesteTesteTesteTesteTesteTesteTesteTesteTesteTesteTesteTesteTesteTesteTesteTesteTesteTesteTesteTesteTesteTesteTesteTesteTesteTesteTesteTesteTesteTesteTesteTesteTesteTesteTesteTesteTesteTesteTesteTesteTesteTesteTesteTesteTesteTesteTesteTesteTesteTesteTesteTesteTesteTesteTesteTesteTesteTesteTesteTesteTesteTesteTesteTesteTesteTesteTesteTesteTesteTesteTesteTesteTesteTesteTesteTesteTesteTesteTesteTesteTesteTesteTesteTesteTesteTesteTesteTesteTesteTesteTesteTesteTesteTesteTesteTesteTesteTesteTesteTesteTesteTesteTesteTesteTesteTesteTesteTesteTesteTesteTesteTesteTesteTesteTesteTesteTesteTesteTesteTesteTesteTesteTesteTesteTesteTesteTesteTesteTesteTesteTesteTesteTesteTesteTesteTesteTesteTesteTesteTesteTesteTesteTesteTesteTesteTesteTesteTesteTesteTesteTesteTesteTesteTesteTesteTesteTesteTesteTesteTesteTesteTesteTesteTesteTesteTesteTesteTesteTesteTesteTesteTesteTesteTesteTesteTesteTesteTesteTesteTesteTesteTesteTesteTesteTesteTesteTesteTesteTesteTesteTesteTesteTesteTesteTesteTesteTesteTesteTesteTesteTesteTesteTesteTesteTesteTesteTesteTesteTesteTesteTesteTesteTesteTesteTesteTesteTesteTesteTesteTesteTesteTesteTesteTesteTesteTesteTesteTesteTesteTesteTesteTesteTesteTesteTesteTesteTesteTesteTesteTesteTesteTesteTesteTesteTesteTesteTesteTesteTesteTesteTesteTesteTesteTesteTesteTesteTesteTesteTesteTesteTesteTesteTesteTesteTesteTesteTesteTesteTesteTesteTesteTesteTesteTesteTesteTesteTesteTesteTesteTesteTesteTesteTesteTesteTesteTesteTesteTesteTesteTesteTesteTesteTesteTesteTesteTesteTesteTesteTesteTesteTesteTesteTesteTesteTesteTesteTesteTesteTesteTesteTesteTesteTesteTesteTesteTesteTesteTesteTesteTesteTesteTesteTesteTesteTesteTesteTesteTesteTesteTesteTesteTesteTesteTesteTesteTesteTesteTesteTesteTesteTesteTesteTesteTesteTesteTesteTesteTesteTesteTesteTesteTesteTesteTesteTesteTesteTesteTesteTesteTesteTesteTesteTesteTesteTesteTesteTesteTesteTesteTesteTesteTesteTesteTesteTesteTesteTesteTesteTesteTesteTesteTesteTesteTesteTesteTesteTesteTesteTesteTesteTesteTesteTesteTesteTesteTesteTesteTesteTesteTesteTesteTesteTesteTesteTesteTesteTesteTesteTesteTesteTesteTesteTesteTesteTesteTesteTesteTesteTesteTesteTesteTesteTesteTesteTesteTesteTesteTesteTesteTesteTesteTesteTesteTesteTesteTesteTesteTesteTesteTesteTesteTesteTesteTesteTesteTesteTesteTesteTesteTesteTesteTesteTesteTesteTesteTesteTesteTesteTesteTesteTesteTesteTesteTesteTesteTesteTesteTesteTesteTesteTesteTesteTesteTesteTesteTesteTesteTesteTesteTesteTesteTesteTesteTesteTesteTesteTesteTesteTesteTesteTesteTesteTesteTesteTesteTesteTesteTesteTesteTesteTesteTesteTesteTesteTesteTesteTesteTesteTesteTesteTesteTesteTesteTesteTesteTesteTesteTesteTesteTesteTesteTesteTesteTesteTesteTesteTesteTesteTesteTesteTesteTesteTesteTesteTesteTesteTesteTesteTesteTesteTesteTesteTesteTesteTesteTesteTesteTesteTesteTesteTesteTesteTesteTesteTesteTesteTesteTesteTesteTesteTesteTesteTesteTesteTesteTesteTesteTesteTesteTesteTesteTesteTesteTesteTesteTesteTesteTesteTesteTesteTesteTesteTesteTesteTesteTesteTesteTesteTesteTesteTesteTesteTesteTesteTesteTesteTesteTesteTesteTesteTesteTesteTesteTesteTesteTesteTesteTesteTesteTesteTesteTesteTesteTesteTesteTesteTesteTesteTesteTesteTesteTesteTesteTesteTesteTesteTesteTesteTesteTesteTesteTesteTesteTesteTesteTesteTesteTesteTesteTesteTesteTesteTesteTesteTesteTesteTesteTesteTesteTesteTesteTesteTesteTesteTesteTesteTesteTesteTesteTesteTesteTesteTesteTesteTesteTesteTesteTesteTesteTesteTesteTesteTesteTesteTesteTesteTesteTesteTesteTesteTesteTesteTesteTesteTesteTesteTesteTesteTesteTesteTesteTesteTesteTesteTesteTesteTesteTesteTesteTesteTesteTesteTesteTesteTesteTesteTesteTesteTesteTesteTesteTesteTesteTesteTesteTesteTesteTesteTesteTesteTesteTesteTesteTesteTesteTesteTesteTesteTesteTesteTesteTesteTesteTesteTesteTesteTesteTesteTesteTesteTesteTesteTesteTesteTesteTesteTesteTesteTesteTesteTesteTesteTesteTesteTesteTesteTesteTesteTesteTesteTesteTesteTesteTesteTesteTesteTesteTesteTesteTesteTesteTesteTesteTesteTesteTesteTesteTesteTesteTesteTesteTesteTesteTesteTesteTesteTesteTesteTesteTesteTesteTesteTesteTesteTesteTesteTesteTesteTesteTesteTesteTesteTesteTesteTesteTesteTesteTesteTesteTesteTesteTesteTesteTesteTesteTesteTesteTesteTesteTesteTesteTesteTesteTesteTesteTesteTesteTesteTesteTesteTesteTesteTesteTesteTesteTesteTesteTesteTesteTesteTesteTesteTesteTesteTesteTesteTesteTesteTesteTesteTesteTesteTesteTesteTesteTesteTesteTesteTesteTesteTesteTesteTesteTesteTesteTesteTesteTesteTesteTesteTesteTesteTesteTesteTesteTesteTesteTesteTesteTesteTesteTesteTesteTesteTesteTesteTesteTesteTesteTesteTesteTesteTesteTesteTesteTesteTesteTesteTesteTesteTesteTesteTesteTesteTesteTesteTesteTesteTesteTesteTesteTesteTesteTesteTesteTesteTesteTesteTesteTesteTesteTesteTesteTesteTesteTesteTesteTesteTesteTesteTesteTesteTesteTesteTesteTesteTesteTesteTesteTesteTesteTesteTesteTesteTesteTesteTesteTesteTesteTesteTesteTesteTesteTesteTesteTesteTesteTesteTesteTesteTesteTesteTesteTesteTesteTesteTesteTesteTesteTesteTesteTesteTesteTesteTesteTesteTesteTesteTesteTesteTesteTesteTesteTesteTesteTesteTesteTesteTesteTesteTesteTesteTesteTesteTesteTesteTesteTesteTesteTesteTesteTesteTesteTesteTesteTesteTesteTesteTesteTesteTesteTesteTesteTesteTesteTesteTesteTesteTesteTesteTesteTesteTesteTesteTesteTesteTesteTesteTesteTesteTesteTesteTesteTesteTesteTesteTesteTesteTesteTesteTesteTesteTesteTesteTesteTesteTesteTesteTesteTesteTesteTesteTesteTesteTesteTesteTesteTesteTesteTesteTesteTesteTesteTesteTesteTesteTesteTesteTesteTesteTesteTesteTesteTesteTesteTesteTesteTesteTesteTesteTesteTesteTesteTesteTesteTesteTesteTesteTesteTesteTesteTesteTesteTesteTesteTesteTesteTesteTesteTesteTesteTesteTesteTesteTesteTesteTesteTesteTesteTesteTesteTesteTesteTesteTesteTesteTesteTesteTesteTesteTeste
END
