START
279(1)
284(1)main
260(1)
282(1)
261(1)
258(1)
279(2)
284(2)raynan
264(2)
287(2)1412122
256(2)
279(3)
284(3)marcelo
264(3)
287(3)1411029
256(3)
284(4)double
284(4)b
264(4)
286(4)0.000100
256(4)
284(6)double
284(6)soma
264(6)
284(6)raynan
265(6)
284(6)marcelo
265(6)
286(6)0.560000
265(6)
284(6)b
256(6)
281(8)
284(8)soma
256(8)
259(9)
END
