START
284(1)TesteTesteTesteTesteTesteTesteTesteTesteTesteTesteTesteTesteTesteTesteTesteTesteTesteTesteTesteTesteTesteTesteTesteTesteTesteTesteTesteTesteTesteTesteTesteTesteTesteTesteTesteTesteTesteTesteTesteTesteTesteTesteTesteTesteTesteTesteTesteTesteTesteTesteTesteTesteTesteTesteTesteTesteTesteTesteTesteTesteTesteTesteTesteTesteTesteTesteTesteTesteTesteTesteTesteTesteTesteTesteTesteTesteTesteTesteTesteTesteTesteTesteTesteTesteTesteTesteTesteTesteTesteTesteTesteTesteTesteTesteTesteTesteTesteTesteTesteTesteTesteTesteTesteTesteTesteTesteTesteTesteTesteTesteTesteTesteTesteTesteTesteTesteTesteTesteTesteTesteTesteTesteTesteTesteTesteTesteTesteTesteTesteTesteTesteTesteTesteTesteTesteTesteTesteTesteTesteTesteTesteTesteTesteTesteTesteTesteTesteTesteTesteTesteTesteTesteTesteTesteTesteTesteTesteTesteTesteTesteTesteTesteTesteTesteTesteTesteTesteTesteTesteTesteTesteTesteTesteTesteTesteTesteTesteTesteTesteTesteTesteTesteTesteTesteTesteTesteTesteTesteTesteTesteTesteTesteTesteTesteTesteTesteTesteTesteTesteTesteTesteTesteTesteTesteTesteTesteTesteTesteTesteTesteTesteTesteTesteTesteTesteTesteTesteTesteTesteTesteTesteTesteTesteTesteTesteTesteTesteTesteTesteTesteTesteTesteTesteTesteTesteTesteTesteTesteTesteTesteTesteTesteTesteTesteTesteTesteTesteTesteTesteTesteTesteTesteTesteTesteTesteTesteTesteTesteTesteTesteTesteTesteTesteTesteTesteTesteTesteTesteTesteTesteTesteTesteTesteTesteTesteTesteTesteTesteTesteTesteTesteTesteTesteTesteTesteTesteTesteTesteTesteTesteTesteTesteTesteTesteTesteTesteTesteTesteTesteTesteTesteTesteTesteTesteTesteTesteTesteTesteTesteTesteTesteTesteTesteTesteTesteTesteTesteTesteTesteTesteTesteTesteTesteTesteTesteTesteTesteTesteTesteTesteTesteTesteTesteTesteTesteTesteTesteTesteTesteTesteTesteTesteTesteTesteTesteTesteTesteTesteTesteTesteTesteTesteTesteTesteTesteTesteTesteTesteTesteTesteTesteTesteTesteTesteTesteTesteTesteTesteTesteTesteTesteTesteTesteTesteTesteTesteTesteTesteTesteTesteTesteTesteTesteTesteTesteTesteTesteTesteTesteTesteTesteTesteTesteTesteTesteTesteTesteTesteTesteTesteTesteTesteTesteTesteTesteTesteTesteTesteTesteTesteTesteTesteTesteTesteTesteTesteTesteTesteTesteTesteTesteTesteTesteTesteTesteTesteTesteTesteTesteTesteTesteTesteTesteTesteTesteTesteTesteTesteTesteTesteTesteTesteTesteTesteTesteTesteTesteTesteTesteTesteTesteTesteTesteTesteTesteTesteTesteTesteTesteTesteTesteTesteTesteTesteTesteTesteTesteTesteTesteTesteTesteTesteTesteTesteTesteTesteTesteTesteTesteTesteTesteTesteTesteTesteTesteTesteTesteTesteTesteTesteTesteTesteTesteTesteTesteTesteTesteTesteTesteTesteTesteTesteTesteTesteTesteTesteTesteTesteTesteTesteTesteTesteTesteTesteTesteTesteTesteTesteTesteTesteTesteTesteTesteTesteTesteTesteTesteTesteTesteTesteTesteTesteTesteTesteTesteTesteTesteTesteTesteTesteTesteTesteTesteTesteTesteTesteTesteTesteTesteTesteTesteTesteTesteTesteTesteTesteTesteTesteTesteTesteTesteTesteTesteTesteTesteTesteTesteTesteTesteTesteTesteTesteTesteTesteTesteTesteTesteTesteTesteTesteTesteTesteTesteTesteTesteTesteTesteTesteTesteTesteTesteTesteTesteTesteTesteTesteTesteTesteTesteTesteTesteTesteTesteTesteTesteTesteTesteTesteTesteTesteTesteTesteTesteTesteTesteTesteTesteTesteTesteTesteTesteTesteTesteTesteTesteTesteTesteTesteTesteTesteTesteTesteTesteTesteTesteTesteTesteTesteTesteTesteTesteTesteTesteTesteTesteTesteTesteTesteTesteTesteTesteTesteTesteTesteTesteTesteTesteTesteTesteTesteTesteTesteTesteTesteTesteTesteTesteTesteTesteTesteTesteTesteTesteTesteTesteTesteTesteTesteTesteTesteTesteTesteTesteTesteTesteTesteTesteTesteTesteTesteTesteTesteTesteTesteTesteTesteTesteTesteTesteTesteTesteTesteTesteTesteTesteTesteTesteTesteTesteTesteTesteTesteTesteTesteTesteTesteTesteTesteTesteTesteTesteTesteTesteTesteTesteTesteTesteTesteTesteTesteTesteTesteTesteTesteTesteTesteTesteTesteTesteTesteTesteTesteTesteTesteTesteTesteTesteTesteTesteTesteTesteTesteTesteTesteTesteTesteTesteTesteTesteTesteTesteTesteTesteTesteTesteTesteTesteTesteTesteTesteTesteTesteTesteTesteTesteTesteTesteTesteTesteTesteTesteTesteTesteTesteTesteTesteTesteTesteTesteTesteTesteTesteTesteTesteTesteTesteTesteTesteTesteTesteTesteTesteTesteTesteTesteTesteTesteTesteTesteTesteTesteTesteTesteTesteTesteTesteTesteTesteTesteTesteTesteTesteTesteTesteTesteTesteTesteTesteTesteTesteTesteTesteTesteTesteTesteTesteTesteTesteTesteTesteTesteTesteTesteTesteTesteTesteTesteTesteTesteTesteTesteTesteTesteTesteTesteTesteTesteTesteTesteTesteTesteTesteTesteTesteTesteTesteTesteTesteTesteTesteTesteTesteTesteTesteTesteTesteTesteTesteTesteTesteTesteTesteTesteTesteTesteTesteTesteTesteTesteTesteTesteTesteTesteTesteTesteTesteTesteTesteTesteTesteTesteTesteTesteTesteTesteTesteTesteTesteTesteTesteTesteTesteTesteTesteTesteTesteTesteTesteTesteTesteTesteTesteTesteTesteTesteTesteTesteTesteTesteTesteTesteTesteTesteTesteTesteTesteTesteTesteTesteTesteTesteTesteTesteTesteTesteTesteTesteTesteTesteTesteTesteTesteTesteTesteTesteTesteTesteTesteTesteTesteTesteTesteTesteTesteTesteTesteTesteTesteTesteTesteTesteTesteTesteTesteTesteTesteTesteTesteTesteTesteTesteTesteTesteTesteTesteTesteTesteTesteTesteTesteTesteTesteTesteTesteTesteTesteTesteTesteTesteTesteTesteTesteTesteTesteTesteTesteTesteTesteTesteTesteTesteTesteTesteTesteTesteTesteTesteTesteTesteTesteTesteTesteTesteTesteTesteTesteTesteTesteTesteTesteTesteTesteTesteTesteTesteTesteTesteTesteTesteTesteTesteTesteTesteTesteTesteTesteTesteTesteTesteTesteTesteTesteTesteTesteTesteTesteTesteTesteTesteTesteTesteTesteTesteTesteTesteTesteTesteTesteTesteTesteTesteTesteTesteTesteTesteTesteTesteTesteTesteTesteTesteTesteTesteTesteTesteTesteTesteTesteTesteTesteTesteTesteTesteTesteTesteTesteTesteTesteTesteTesteTesteTesteTesteTesteTesteTesteTesteTesteTesteTesteTesteTesteTesteTesteTesteTesteTesteTesteTesteTesteTesteTesteTesteTesteTesteTesteTesteTesteTesteTesteTesteTesteTesteTesteTesteTesteTesteTesteTesteTesteTesteTesteTesteTesteTesteTesteTesteTesteTesteTesteTesteTesteTesteTesteTesteTesteTesteTesteTesteTesteTesteTesteTesteTesteTesteTesteTesteTesteTesteTesteTesteTesteTesteTesteTesteTesteTesteTesteTesteTesteTesteTesteTesteTesteTesteTesteTesteTesteTesteTesteTesteTesteTesteTesteTesteTesteTesteTesteTesteTesteTesteTesteTesteTesteTesteTesteTesteTesteTesteTesteTesteTesteTesteTesteTesteTesteTesteTesteTesteTesteTesteTesteTesteTesteTesteTesteTesteTesteTesteTesteTesteTesteTesteTesteTesteTesteTesteTesteTesteTesteTesteTesteTesteTesteTesteTesteTesteTesteTesteTesteTesteTesteTesteTesteTesteTesteTesteTesteTesteTesteTesteTesteTesteTesteTesteTesteTesteTesteTesteTesteTesteTesteTesteTesteTesteTesteTesteTesteTesteTesteTesteTesteTesteTesteTesteTesteTesteTesteTesteTesteTesteTesteTesteTesteTesteTesteTesteTesteTesteTesteTesteTesteTesteTesteTesteTesteTesteTesteTesteTesteTesteTesteTesteTesteTesteTesteTesteTesteTesteTesteTesteTesteTesteTesteTesteTesteTesteTesteTesteTesteTesteTesteTesteTesteTesteTesteTesteTesteTesteTesteTesteTesteTesteTesteTesteTesteTesteTesteTesteTesteTesteTesteTesteTesteTesteTesteTesteTesteTesteTesteTesteTesteTesteTesteTesteTesteTesteTesteTesteTesteTesteTesteTesteTesteTesteTesteTesteTesteTesteTesteTesteTesteTesteTesteTesteTesteTesteTesteTesteTesteTesteTesteTesteTesteTesteTesteTesteTesteTesteTesteTesteTesteTesteTesteTesteTesteTesteTesteTesteTesteTesteTesteTesteTesteTesteTesteTesteTesteTesteTesteTesteTesteTesteTesteTesteTesteTesteTesteTesteTesteTesteTesteTesteTesteTesteTesteTesteTesteTesteTesteTesteTesteTesteTesteTesteTesteTesteTesteTesteTesteTesteTesteTesteTesteTesteTesteTesteTesteTesteTesteTesteTesteTesteTesteTesteTesteTesteTesteTesteTesteTesteTesteTesteTesteTesteTesteTesteTesteTesteTesteTesteTesteTesteTesteTesteTesteTesteTesteTesteTesteTesteTesteTesteTesteTesteTesteTesteTesteTesteTesteTesteTesteTesteTesteTesteTesteTesteTesteTesteTesteTesteTesteTesteTesteTesteTesteTesteTesteTesteTesteTesteTesteTesteTesteTesteTesteTesteTesteTesteTesteTesteTesteTesteTesteTesteTesteTesteTesteTesteTesteTesteTesteTesteTesteTesteTesteTesteTesteTesteTesteTesteTesteTesteTesteTesteTesteTesteTesteTesteTesteTesteTesteTesteTesteTesteTesteTesteTesteTesteTesteTesteTesteTesteTesteTesteTesteTesteTesteTesteTesteTesteTesteTesteTesteTesteTesteTesteTesteTesteTesteTesteTesteTesteTesteTesteTesteTesteTesteTesteTesteTesteTesteTesteTesteTesteTesteTesteTesteTesteTesteTesteTesteTesteTesteTesteTesteTesteTesteTesteTesteTesteTesteTesteTesteTesteTesteTesteTesteTesteTesteTesteTesteTesteTesteTesteTesteTesteTesteTesteTesteTesteTesteTesteTesteTesteTesteTesteTesteTesteTesteTesteTesteTesteTesteTesteTesteTesteTesteTesteTesteTesteTesteTesteTesteTesteTesteTesteTesteTesteTesteTesteTesteTesteTesteTesteTesteTesteTesteTesteTesteTesteTesteTesteTesteTesteTesteTesteTesteTesteTesteTesteTesteTesteTesteTesteTesteTesteTesteTesteTesteTesteTesteTesteTesteTesteTesteTesteTesteTesteTesteTesteTesteTesteTesteTesteTesteTesteTesteTesteTesteTesteTesteTesteTesteTesteTesteTesteTesteTesteTesteTesteTesteTesteTesteTesteTesteTesteTesteTesteTesteTesteTesteTesteTesteTesteTesteTesteTesteTesteTesteTesteTesteTesteTesteTesteTesteTesteTesteTesteTesteTesteTesteTesteTesteTesteTesteTesteTesteTesteTesteTesteTesteTesteTesteTesteTesteTesteTesteTesteTesteTesteTesteTesteTesteTesteTesteTesteTesteTesteTesteTesteTesteTesteTesteTesteTesteTesteTesteTesteTesteTesteTesteTesteTesteTesteTesteTesteTesteTesteTesteTesteTesteTesteTesteTesteTesteTesteTesteTesteTesteTesteTesteTesteTesteTesteTesteTesteTesteTesteTesteTesteTesteTesteTesteTesteTesteTesteTesteTesteTesteTesteTesteTesteTesteTesteTesteTesteTesteTesteTesteTesteTesteTesteTesteTesteTesteTesteTesteTesteTesteTesteTesteTesteTesteTesteTesteTesteTesteTesteTesteTesteTesteTesteTesteTesteTesteTesteTesteTesteTesteTesteTesteTesteTesteTesteTesteTesteTesteTesteTesteTesteTesteTesteTesteTesteTesteTesteTesteTesteTesteTesteTesteTesteTesteTesteTesteTesteTesteTesteTesteTesteTesteTesteTesteTesteTesteTesteTesteTesteTesteTesteTesteTesteTesteTesteTesteTesteTesteTesteTesteTesteTesteTesteTesteTesteTesteTesteTesteTesteTesteTesteTesteTesteTesteTesteTesteTesteTesteTesteTesteTesteTesteTesteTesteTesteTesteTesteTesteTesteTesteTesteTesteTesteTesteTesteTesteTesteTesteTesteTesteTesteTesteTesteTesteTesteTesteTesteTesteTesteTesteTesteTesteTesteTesteTesteTesteTesteTesteTesteTesteTesteTesteTesteTesteTesteTesteTesteTesteTesteTeste
END
